2026-10-01T19:59:32.526565Z  INFO gigastt::server::listen: gigastt bootstrapping on http://127.0.0.1:49451 — loading model, /health is up
2026-10-01T19:59:32.526933Z  INFO gigastt_core::model::download: Using custom MlCtc model pack at /home/ekhodzitsky/.cache/gigastt-small-package/installed-small
2026-10-01T19:59:32.527256Z  INFO gigastt_core::inference::engine::load: Detected model variant: MlCtc
2026-10-01T19:59:32.527274Z  INFO gigastt_core::inference::engine::load: Using INT8 quantized encoder
2026-10-01T19:59:32.527279Z  INFO gigastt_core::inference::engine::load: Loading ONNX models from /home/ekhodzitsky/.cache/gigastt-small-package/installed-small (pool_size=2)...
2026-10-01T19:59:32.527284Z  INFO gigastt_core::inference::engine::load: Using CPU execution provider
2026-10-01T19:59:32.527338Z  INFO gigastt_core::inference::load_files: Loading session triplet 1/2 (shared runtime)
2026-10-01T19:59:32.527410Z  INFO gigastt_core::inference::load_files: Loading session triplet 2/2 (shared runtime)
2026-10-01T19:59:32.537575Z  INFO gigastt_core::runtime::ort::session: encoder: loading source model and refreshing optimized graph cache path=/home/ekhodzitsky/.cache/gigastt-small-package/installed-small/optimized_cache/multilingual_small_selective.int8_optimized.ort.partial.2993084.1
2026-10-01T19:59:32.983278Z  WARN ort::logging: Serializing optimized model with Graph Optimization level greater than ORT_ENABLE_EXTENDED and the NchwcTransformer enabled. The generated model may contain hardware specific optimizations, and should only be used in the same environment the model was optimized in.
2026-10-01T19:59:33.376381Z  INFO gigastt_core::runtime::ort::session: encoder: loaded fresh optimized graph cache, skipped source model path=/home/ekhodzitsky/.cache/gigastt-small-package/installed-small/optimized_cache/multilingual_small_selective.int8_optimized.ort
2026-10-01T19:59:33.376549Z  INFO gigastt_core::inference::tokenizer: Loaded vocabulary: 71 tokens, blank_id=70
2026-10-01T19:59:33.376592Z  INFO gigastt_core::inference::engine::load: Models loaded (vocab_size=71, pool_size=2)
2026-10-01T19:59:33.376616Z  WARN gigastt_core::inference::diarization: wespeaker_resnet34.onnx not found, diarization unavailable
2026-10-01T19:59:33.376756Z  INFO gigastt_core::inference::engine::load: execution provider bound execution_provider="cpu"
2026-10-01T19:59:33.376817Z  INFO gigastt::boot: VmRSS:	  821592 kB
2026-10-01T19:59:33.376874Z  INFO gigastt::server::listen: Model ready — starting full server
2026-10-01T19:59:33.377059Z  INFO gigastt_core::inference::engine::words: Extracted 99 mel frames
2026-10-01T19:59:33.409355Z  INFO gigastt_core::inference::engine::infer: encoder_inference elapsed_ms=32
2026-10-01T19:59:33.409405Z  INFO gigastt_core::inference::engine::transcribe: transcribe complete audio_s=1.00 wall_s=0.03 rtf=0.032 encoder=int8/cpu
2026-10-01T19:59:33.409480Z  INFO gigastt_core::inference::engine::words: Extracted 99 mel frames
2026-10-01T19:59:33.441797Z  INFO gigastt_core::inference::engine::infer: encoder_inference elapsed_ms=32
2026-10-01T19:59:33.441839Z  INFO gigastt_core::inference::engine::transcribe: transcribe complete audio_s=1.00 wall_s=0.03 rtf=0.032 encoder=int8/cpu
2026-10-01T19:59:33.441865Z  INFO gigastt::server::listen: Engine warmup complete elapsed_ms=64
2026-10-01T19:59:33.441981Z  INFO gigastt::server::listen: gigastt server listening on http://127.0.0.1:49451
2026-10-01T19:59:33.441998Z  INFO gigastt::server::listen:   WebSocket: ws://127.0.0.1:49451/v1/ws
2026-10-01T19:59:33.442003Z  INFO gigastt::server::listen:   REST API:  http://127.0.0.1:49451/health, /ready, /v1/transcribe, /v1/transcribe/stream, /v1/audio/transcriptions
2026-10-01T19:59:33.532712Z  INFO request{request_id=01a0f90c-fe9c-74f6-992b-9dbfe902bffc method=POST path=/v1/transcribe}: gigastt_core::inference::audio::wave: Audio (wave): 8000Hz, 1ch (streaming windows)
2026-10-01T19:59:33.534119Z  INFO request{request_id=01a0f90c-fe9d-732f-be70-934bd0fc140e method=POST path=/v1/transcribe}: gigastt_core::inference::audio::wave: Audio (wave): 16000Hz, 1ch (streaming windows)
2026-10-01T19:59:34.074997Z  INFO request{request_id=01a0f90c-fe9d-732f-be70-934bd0fc140e method=POST path=/v1/transcribe}: gigastt_core::inference::engine::infer: encoder_inference elapsed_ms=539
2026-10-01T19:59:34.075192Z  INFO request{request_id=01a0f90c-fe9d-732f-be70-934bd0fc140e method=POST path=/v1/transcribe}: gigastt_core::inference::engine::file_stream: transcribe complete (streaming windows) audio_s=16.92 wall_s=0.54 rtf=0.032
2026-10-01T19:59:34.076791Z  INFO request{request_id=01a0f90d-00bc-77d2-8612-531d0b9a95ce method=POST path=/v1/transcribe}: gigastt_core::inference::audio::wave: Audio (wave): 8000Hz, 1ch (streaming windows)
2026-10-01T19:59:34.119404Z  INFO request{request_id=01a0f90c-fe9c-74f6-992b-9dbfe902bffc method=POST path=/v1/transcribe}: gigastt_core::inference::engine::infer: encoder_inference elapsed_ms=575
2026-10-01T19:59:34.119569Z  INFO request{request_id=01a0f90c-fe9c-74f6-992b-9dbfe902bffc method=POST path=/v1/transcribe}: gigastt_core::inference::engine::file_stream: transcribe complete (streaming windows) audio_s=16.92 wall_s=0.59 rtf=0.035
2026-10-01T19:59:34.122382Z  INFO request{request_id=01a0f90d-00e9-754d-90f7-9ef05411d790 method=POST path=/v1/transcribe}: gigastt_core::inference::audio::wave: Audio (wave): 16000Hz, 1ch (streaming windows)
2026-10-01T19:59:34.432734Z  INFO request{request_id=01a0f90d-00e9-754d-90f7-9ef05411d790 method=POST path=/v1/transcribe}: gigastt_core::inference::engine::infer: encoder_inference elapsed_ms=309
2026-10-01T19:59:34.432914Z  INFO request{request_id=01a0f90d-00e9-754d-90f7-9ef05411d790 method=POST path=/v1/transcribe}: gigastt_core::inference::engine::file_stream: transcribe complete (streaming windows) audio_s=11.52 wall_s=0.31 rtf=0.027
2026-10-01T19:59:34.434352Z  INFO request{request_id=01a0f90d-0222-73c7-8e5d-8d3dbc151d97 method=POST path=/v1/transcribe}: gigastt_core::inference::audio::wave: Audio (wave): 8000Hz, 1ch (streaming windows)
2026-10-01T19:59:34.606508Z  INFO request{request_id=01a0f90d-00bc-77d2-8612-531d0b9a95ce method=POST path=/v1/transcribe}: gigastt_core::inference::engine::infer: encoder_inference elapsed_ms=518
2026-10-01T19:59:34.606693Z  INFO request{request_id=01a0f90d-00bc-77d2-8612-531d0b9a95ce method=POST path=/v1/transcribe}: gigastt_core::inference::engine::file_stream: transcribe complete (streaming windows) audio_s=16.92 wall_s=0.53 rtf=0.031
2026-10-01T19:59:34.607879Z  INFO request{request_id=01a0f90d-02cf-7369-95f9-4a875891b5ba method=POST path=/v1/transcribe}: gigastt_core::inference::audio::wave: Audio (wave): 8000Hz, 1ch (streaming windows)
2026-10-01T19:59:34.725261Z  INFO request{request_id=01a0f90d-0222-73c7-8e5d-8d3dbc151d97 method=POST path=/v1/transcribe}: gigastt_core::inference::engine::infer: encoder_inference elapsed_ms=282
2026-10-01T19:59:34.725389Z  INFO request{request_id=01a0f90d-0222-73c7-8e5d-8d3dbc151d97 method=POST path=/v1/transcribe}: gigastt_core::inference::engine::file_stream: transcribe complete (streaming windows) audio_s=11.52 wall_s=0.29 rtf=0.025
2026-10-01T19:59:34.727195Z  INFO request{request_id=01a0f90d-0346-720f-b804-0f942c582bf0 method=POST path=/v1/transcribe}: gigastt_core::inference::audio::wave: Audio (wave): 16000Hz, 1ch (streaming windows)
2026-10-01T19:59:34.909533Z  INFO request{request_id=01a0f90d-02cf-7369-95f9-4a875891b5ba method=POST path=/v1/transcribe}: gigastt_core::inference::engine::infer: encoder_inference elapsed_ms=293
2026-10-01T19:59:34.909684Z  INFO request{request_id=01a0f90d-02cf-7369-95f9-4a875891b5ba method=POST path=/v1/transcribe}: gigastt_core::inference::engine::file_stream: transcribe complete (streaming windows) audio_s=11.52 wall_s=0.30 rtf=0.026
2026-10-01T19:59:34.911041Z  INFO request{request_id=01a0f90d-03fe-76e8-92d9-4692b6fc938e method=POST path=/v1/transcribe}: gigastt_core::inference::audio::wave: Audio (wave): 8000Hz, 1ch (streaming windows)
2026-10-01T19:59:34.932677Z  INFO request{request_id=01a0f90d-0346-720f-b804-0f942c582bf0 method=POST path=/v1/transcribe}: gigastt_core::inference::engine::infer: encoder_inference elapsed_ms=204
2026-10-01T19:59:34.932804Z  INFO request{request_id=01a0f90d-0346-720f-b804-0f942c582bf0 method=POST path=/v1/transcribe}: gigastt_core::inference::engine::file_stream: transcribe complete (streaming windows) audio_s=8.64 wall_s=0.21 rtf=0.024
2026-10-01T19:59:34.933983Z  INFO request{request_id=01a0f90d-0415-7515-88fd-bbc33a34acf3 method=POST path=/v1/transcribe}: gigastt_core::inference::audio::wave: Audio (wave): 8000Hz, 1ch (streaming windows)
2026-10-01T19:59:35.125175Z  INFO request{request_id=01a0f90d-03fe-76e8-92d9-4692b6fc938e method=POST path=/v1/transcribe}: gigastt_core::inference::engine::infer: encoder_inference elapsed_ms=207
2026-10-01T19:59:35.125333Z  INFO request{request_id=01a0f90d-03fe-76e8-92d9-4692b6fc938e method=POST path=/v1/transcribe}: gigastt_core::inference::engine::file_stream: transcribe complete (streaming windows) audio_s=8.64 wall_s=0.21 rtf=0.025
2026-10-01T19:59:35.127646Z  INFO request{request_id=01a0f90d-04d7-76fa-b22b-c8db8abfdf74 method=POST path=/v1/transcribe}: gigastt_core::inference::audio::wave: Audio (wave): 16000Hz, 1ch (streaming windows)
2026-10-01T19:59:35.138797Z  INFO request{request_id=01a0f90d-0415-7515-88fd-bbc33a34acf3 method=POST path=/v1/transcribe}: gigastt_core::inference::engine::infer: encoder_inference elapsed_ms=198
2026-10-01T19:59:35.138923Z  INFO request{request_id=01a0f90d-0415-7515-88fd-bbc33a34acf3 method=POST path=/v1/transcribe}: gigastt_core::inference::engine::file_stream: transcribe complete (streaming windows) audio_s=8.64 wall_s=0.20 rtf=0.024
2026-10-01T19:59:35.140105Z  INFO request{request_id=01a0f90d-04e3-764b-8d04-b3afdc80ff8b method=POST path=/v1/transcribe}: gigastt_core::inference::audio::wave: Audio (wave): 8000Hz, 1ch (streaming windows)
2026-10-01T19:59:35.413238Z  INFO request{request_id=01a0f90d-04e3-764b-8d04-b3afdc80ff8b method=POST path=/v1/transcribe}: gigastt_core::inference::engine::infer: encoder_inference elapsed_ms=265
2026-10-01T19:59:35.413364Z  INFO request{request_id=01a0f90d-04e3-764b-8d04-b3afdc80ff8b method=POST path=/v1/transcribe}: gigastt_core::inference::engine::file_stream: transcribe complete (streaming windows) audio_s=10.56 wall_s=0.27 rtf=0.026
2026-10-01T19:59:35.413477Z  INFO request{request_id=01a0f90d-04d7-76fa-b22b-c8db8abfdf74 method=POST path=/v1/transcribe}: gigastt_core::inference::engine::infer: encoder_inference elapsed_ms=285
2026-10-01T19:59:35.413588Z  INFO request{request_id=01a0f90d-04d7-76fa-b22b-c8db8abfdf74 method=POST path=/v1/transcribe}: gigastt_core::inference::engine::file_stream: transcribe complete (streaming windows) audio_s=10.56 wall_s=0.29 rtf=0.027
2026-10-01T19:59:35.414727Z  INFO request{request_id=01a0f90d-05f6-72c3-878e-4ed10ffc2c93 method=POST path=/v1/transcribe}: gigastt_core::inference::audio::wave: Audio (wave): 8000Hz, 1ch (streaming windows)
2026-10-01T19:59:35.415213Z  INFO request{request_id=01a0f90d-05f6-72c3-878e-4ed244042cf8 method=POST path=/v1/transcribe}: gigastt_core::inference::audio::wave: Audio (wave): 16000Hz, 1ch (streaming windows)
2026-10-01T19:59:35.657196Z  INFO request{request_id=01a0f90d-05f6-72c3-878e-4ed244042cf8 method=POST path=/v1/transcribe}: gigastt_core::inference::engine::infer: encoder_inference elapsed_ms=241
2026-10-01T19:59:35.657324Z  INFO request{request_id=01a0f90d-05f6-72c3-878e-4ed244042cf8 method=POST path=/v1/transcribe}: gigastt_core::inference::engine::file_stream: transcribe complete (streaming windows) audio_s=8.76 wall_s=0.24 rtf=0.028
2026-10-01T19:59:35.658416Z  INFO request{request_id=01a0f90d-06ea-735c-9b15-5c675e06b48c method=POST path=/v1/transcribe}: gigastt_core::inference::audio::wave: Audio (wave): 8000Hz, 1ch (streaming windows)
2026-10-01T19:59:35.674135Z  INFO request{request_id=01a0f90d-05f6-72c3-878e-4ed10ffc2c93 method=POST path=/v1/transcribe}: gigastt_core::inference::engine::infer: encoder_inference elapsed_ms=251
2026-10-01T19:59:35.674280Z  INFO request{request_id=01a0f90d-05f6-72c3-878e-4ed10ffc2c93 method=POST path=/v1/transcribe}: gigastt_core::inference::engine::file_stream: transcribe complete (streaming windows) audio_s=10.56 wall_s=0.26 rtf=0.025
2026-10-01T19:59:35.675717Z  INFO request{request_id=01a0f90d-06fb-734e-a82f-4c5131f130a4 method=POST path=/v1/transcribe}: gigastt_core::inference::audio::wave: Audio (wave): 8000Hz, 1ch (streaming windows)
2026-10-01T19:59:35.902157Z  INFO request{request_id=01a0f90d-06fb-734e-a82f-4c5131f130a4 method=POST path=/v1/transcribe}: gigastt_core::inference::engine::infer: encoder_inference elapsed_ms=216
2026-10-01T19:59:35.902274Z  INFO request{request_id=01a0f90d-06fb-734e-a82f-4c5131f130a4 method=POST path=/v1/transcribe}: gigastt_core::inference::engine::file_stream: transcribe complete (streaming windows) audio_s=8.76 wall_s=0.23 rtf=0.026
2026-10-01T19:59:35.903276Z  INFO request{request_id=01a0f90d-06ea-735c-9b15-5c675e06b48c method=POST path=/v1/transcribe}: gigastt_core::inference::engine::infer: encoder_inference elapsed_ms=238
2026-10-01T19:59:35.903371Z  INFO request{request_id=01a0f90d-06ea-735c-9b15-5c675e06b48c method=POST path=/v1/transcribe}: gigastt_core::inference::engine::file_stream: transcribe complete (streaming windows) audio_s=8.76 wall_s=0.24 rtf=0.028
2026-10-01T19:59:35.904478Z  INFO request{request_id=01a0f90d-07e0-72f3-a042-f6b4decab282 method=POST path=/v1/transcribe}: gigastt_core::inference::audio::wave: Audio (wave): 8000Hz, 1ch (streaming windows)
2026-10-01T19:59:35.905286Z  INFO request{request_id=01a0f90d-07e0-72f3-a042-f6b52ce77d78 method=POST path=/v1/transcribe}: gigastt_core::inference::audio::wave: Audio (wave): 16000Hz, 1ch (streaming windows)
2026-10-01T19:59:36.206964Z  INFO request{request_id=01a0f90d-07e0-72f3-a042-f6b4decab282 method=POST path=/v1/transcribe}: gigastt_core::inference::engine::infer: encoder_inference elapsed_ms=293
2026-10-01T19:59:36.207140Z  INFO request{request_id=01a0f90d-07e0-72f3-a042-f6b4decab282 method=POST path=/v1/transcribe}: gigastt_core::inference::engine::file_stream: transcribe complete (streaming windows) audio_s=11.46 wall_s=0.30 rtf=0.026
2026-10-01T19:59:36.208414Z  INFO request{request_id=01a0f90d-0910-7397-8d28-6aa2837365fa method=POST path=/v1/transcribe}: gigastt_core::inference::audio::wave: Audio (wave): 8000Hz, 1ch (streaming windows)
2026-10-01T19:59:36.240108Z  INFO request{request_id=01a0f90d-07e0-72f3-a042-f6b52ce77d78 method=POST path=/v1/transcribe}: gigastt_core::inference::engine::infer: encoder_inference elapsed_ms=333
2026-10-01T19:59:36.240270Z  INFO request{request_id=01a0f90d-07e0-72f3-a042-f6b52ce77d78 method=POST path=/v1/transcribe}: gigastt_core::inference::engine::file_stream: transcribe complete (streaming windows) audio_s=11.46 wall_s=0.33 rtf=0.029
2026-10-01T19:59:36.242797Z  INFO request{request_id=01a0f90d-0932-74b4-9017-bd09effcf095 method=POST path=/v1/transcribe}: gigastt_core::inference::audio::wave: Audio (wave): 16000Hz, 1ch (streaming windows)
2026-10-01T19:59:36.516106Z  INFO request{request_id=01a0f90d-0910-7397-8d28-6aa2837365fa method=POST path=/v1/transcribe}: gigastt_core::inference::engine::infer: encoder_inference elapsed_ms=299
2026-10-01T19:59:36.516250Z  INFO request{request_id=01a0f90d-0910-7397-8d28-6aa2837365fa method=POST path=/v1/transcribe}: gigastt_core::inference::engine::file_stream: transcribe complete (streaming windows) audio_s=11.46 wall_s=0.31 rtf=0.027
2026-10-01T19:59:36.518512Z  INFO request{request_id=01a0f90d-0a46-76bc-9384-e044af3304c9 method=POST path=/v1/transcribe}: gigastt_core::inference::audio::wave: Audio (wave): 8000Hz, 1ch (streaming windows)
2026-10-01T19:59:36.718890Z  INFO request{request_id=01a0f90d-0932-74b4-9017-bd09effcf095 method=POST path=/v1/transcribe}: gigastt_core::inference::engine::infer: encoder_inference elapsed_ms=474
2026-10-01T19:59:36.719088Z  INFO request{request_id=01a0f90d-0932-74b4-9017-bd09effcf095 method=POST path=/v1/transcribe}: gigastt_core::inference::engine::file_stream: transcribe complete (streaming windows) audio_s=14.88 wall_s=0.48 rtf=0.032
2026-10-01T19:59:36.720701Z  INFO request{request_id=01a0f90d-0b10-720e-862f-14dcf38a28bf method=POST path=/v1/transcribe}: gigastt_core::inference::audio::wave: Audio (wave): 8000Hz, 1ch (streaming windows)
2026-10-01T19:59:36.984443Z  INFO request{request_id=01a0f90d-0a46-76bc-9384-e044af3304c9 method=POST path=/v1/transcribe}: gigastt_core::inference::engine::infer: encoder_inference elapsed_ms=456
2026-10-01T19:59:36.984642Z  INFO request{request_id=01a0f90d-0a46-76bc-9384-e044af3304c9 method=POST path=/v1/transcribe}: gigastt_core::inference::engine::file_stream: transcribe complete (streaming windows) audio_s=14.88 wall_s=0.47 rtf=0.031
2026-10-01T19:59:36.986669Z  INFO request{request_id=01a0f90d-0c1a-76eb-8081-a8f135c78668 method=POST path=/v1/transcribe}: gigastt_core::inference::audio::wave: Audio (wave): 16000Hz, 1ch (streaming windows)
2026-10-01T19:59:37.198751Z  INFO request{request_id=01a0f90d-0b10-720e-862f-14dcf38a28bf method=POST path=/v1/transcribe}: gigastt_core::inference::engine::infer: encoder_inference elapsed_ms=468
2026-10-01T19:59:37.198953Z  INFO request{request_id=01a0f90d-0b10-720e-862f-14dcf38a28bf method=POST path=/v1/transcribe}: gigastt_core::inference::engine::file_stream: transcribe complete (streaming windows) audio_s=14.88 wall_s=0.48 rtf=0.032
2026-10-01T19:59:37.200311Z  INFO request{request_id=01a0f90d-0cf0-728b-96d9-7691dc8a6bcb method=POST path=/v1/transcribe}: gigastt_core::inference::audio::wave: Audio (wave): 8000Hz, 1ch (streaming windows)
2026-10-01T19:59:37.312341Z  INFO request{request_id=01a0f90d-0c1a-76eb-8081-a8f135c78668 method=POST path=/v1/transcribe}: gigastt_core::inference::engine::infer: encoder_inference elapsed_ms=324
2026-10-01T19:59:37.312483Z  INFO request{request_id=01a0f90d-0c1a-76eb-8081-a8f135c78668 method=POST path=/v1/transcribe}: gigastt_core::inference::engine::file_stream: transcribe complete (streaming windows) audio_s=11.58 wall_s=0.33 rtf=0.028
2026-10-01T19:59:37.313680Z  INFO request{request_id=01a0f90d-0d61-7748-8f39-94198016f323 method=POST path=/v1/transcribe}: gigastt_core::inference::audio::wave: Audio (wave): 8000Hz, 1ch (streaming windows)
2026-10-01T19:59:37.538627Z  INFO request{request_id=01a0f90d-0cf0-728b-96d9-7691dc8a6bcb method=POST path=/v1/transcribe}: gigastt_core::inference::engine::infer: encoder_inference elapsed_ms=327
2026-10-01T19:59:37.538783Z  INFO request{request_id=01a0f90d-0cf0-728b-96d9-7691dc8a6bcb method=POST path=/v1/transcribe}: gigastt_core::inference::engine::file_stream: transcribe complete (streaming windows) audio_s=11.58 wall_s=0.34 rtf=0.029
2026-10-01T19:59:37.541566Z  INFO request{request_id=01a0f90d-0e44-7783-952e-6f752c49676e method=POST path=/v1/transcribe}: gigastt_core::inference::audio::wave: Audio (wave): 16000Hz, 1ch (streaming windows)
2026-10-01T19:59:37.623399Z  INFO request{request_id=01a0f90d-0d61-7748-8f39-94198016f323 method=POST path=/v1/transcribe}: gigastt_core::inference::engine::infer: encoder_inference elapsed_ms=301
2026-10-01T19:59:37.623548Z  INFO request{request_id=01a0f90d-0d61-7748-8f39-94198016f323 method=POST path=/v1/transcribe}: gigastt_core::inference::engine::file_stream: transcribe complete (streaming windows) audio_s=11.58 wall_s=0.31 rtf=0.027
2026-10-01T19:59:37.625346Z  INFO request{request_id=01a0f90d-0e99-7662-8815-017261c3da36 method=POST path=/v1/transcribe}: gigastt_core::inference::audio::wave: Audio (wave): 8000Hz, 1ch (streaming windows)
2026-10-01T19:59:37.957507Z  INFO request{request_id=01a0f90d-0e44-7783-952e-6f752c49676e method=POST path=/v1/transcribe}: gigastt_core::inference::engine::infer: encoder_inference elapsed_ms=414
2026-10-01T19:59:37.957719Z  INFO request{request_id=01a0f90d-0e44-7783-952e-6f752c49676e method=POST path=/v1/transcribe}: gigastt_core::inference::engine::file_stream: transcribe complete (streaming windows) audio_s=14.28 wall_s=0.42 rtf=0.029
2026-10-01T19:59:37.959014Z  INFO request{request_id=01a0f90d-0fe6-7474-bddb-495dd603064e method=POST path=/v1/transcribe}: gigastt_core::inference::audio::wave: Audio (wave): 8000Hz, 1ch (streaming windows)
2026-10-01T19:59:38.016915Z  INFO request{request_id=01a0f90d-0e99-7662-8815-017261c3da36 method=POST path=/v1/transcribe}: gigastt_core::inference::engine::infer: encoder_inference elapsed_ms=380
2026-10-01T19:59:38.017079Z  INFO request{request_id=01a0f90d-0e99-7662-8815-017261c3da36 method=POST path=/v1/transcribe}: gigastt_core::inference::engine::file_stream: transcribe complete (streaming windows) audio_s=14.28 wall_s=0.39 rtf=0.027
2026-10-01T19:59:38.019566Z  INFO request{request_id=01a0f90d-1022-75cc-b38b-282072c91a92 method=POST path=/v1/transcribe}: gigastt_core::inference::audio::wave: Audio (wave): 16000Hz, 1ch (streaming windows)
2026-10-01T19:59:38.369677Z  INFO request{request_id=01a0f90d-0fe6-7474-bddb-495dd603064e method=POST path=/v1/transcribe}: gigastt_core::inference::engine::infer: encoder_inference elapsed_ms=401
2026-10-01T19:59:38.369855Z  INFO request{request_id=01a0f90d-0fe6-7474-bddb-495dd603064e method=POST path=/v1/transcribe}: gigastt_core::inference::engine::file_stream: transcribe complete (streaming windows) audio_s=14.28 wall_s=0.41 rtf=0.029
2026-10-01T19:59:38.370915Z  INFO request{request_id=01a0f90d-1182-77b8-8ff5-15f5d2aab0ff method=POST path=/v1/transcribe}: gigastt_core::inference::audio::wave: Audio (wave): 8000Hz, 1ch (streaming windows)
2026-10-01T19:59:38.404242Z  INFO request{request_id=01a0f90d-1022-75cc-b38b-282072c91a92 method=POST path=/v1/transcribe}: gigastt_core::inference::engine::infer: encoder_inference elapsed_ms=383
2026-10-01T19:59:38.404456Z  INFO request{request_id=01a0f90d-1022-75cc-b38b-282072c91a92 method=POST path=/v1/transcribe}: gigastt_core::inference::engine::file_stream: transcribe complete (streaming windows) audio_s=14.64 wall_s=0.38 rtf=0.026
2026-10-01T19:59:38.405885Z  INFO request{request_id=01a0f90d-11a5-73cb-9a14-f3970cb4af20 method=POST path=/v1/transcribe}: gigastt_core::inference::audio::wave: Audio (wave): 8000Hz, 1ch (streaming windows)
2026-10-01T19:59:38.742419Z  INFO request{request_id=01a0f90d-1182-77b8-8ff5-15f5d2aab0ff method=POST path=/v1/transcribe}: gigastt_core::inference::engine::infer: encoder_inference elapsed_ms=361
2026-10-01T19:59:38.742589Z  INFO request{request_id=01a0f90d-1182-77b8-8ff5-15f5d2aab0ff method=POST path=/v1/transcribe}: gigastt_core::inference::engine::file_stream: transcribe complete (streaming windows) audio_s=14.64 wall_s=0.37 rtf=0.025
2026-10-01T19:59:38.744513Z  INFO request{request_id=01a0f90d-12f8-75b5-a014-60e0c1bd2683 method=POST path=/v1/transcribe}: gigastt_core::inference::audio::wave: Audio (wave): 16000Hz, 1ch (streaming windows)
2026-10-01T19:59:38.807353Z  INFO request{request_id=01a0f90d-11a5-73cb-9a14-f3970cb4af20 method=POST path=/v1/transcribe}: gigastt_core::inference::engine::infer: encoder_inference elapsed_ms=391
2026-10-01T19:59:38.807523Z  INFO request{request_id=01a0f90d-11a5-73cb-9a14-f3970cb4af20 method=POST path=/v1/transcribe}: gigastt_core::inference::engine::file_stream: transcribe complete (streaming windows) audio_s=14.64 wall_s=0.40 rtf=0.027
2026-10-01T19:59:38.808763Z  INFO request{request_id=01a0f90d-1338-7094-a046-f466b183de21 method=POST path=/v1/transcribe}: gigastt_core::inference::audio::wave: Audio (wave): 8000Hz, 1ch (streaming windows)
2026-10-01T19:59:39.193137Z  INFO request{request_id=01a0f90d-12f8-75b5-a014-60e0c1bd2683 method=POST path=/v1/transcribe}: gigastt_core::inference::engine::infer: encoder_inference elapsed_ms=447
2026-10-01T19:59:39.193320Z  INFO request{request_id=01a0f90d-12f8-75b5-a014-60e0c1bd2683 method=POST path=/v1/transcribe}: gigastt_core::inference::engine::file_stream: transcribe complete (streaming windows) audio_s=15.24 wall_s=0.45 rtf=0.029
2026-10-01T19:59:39.194397Z  INFO request{request_id=01a0f90d-14ba-7303-94e9-724e90fa9f53 method=POST path=/v1/transcribe}: gigastt_core::inference::audio::wave: Audio (wave): 8000Hz, 1ch (streaming windows)
2026-10-01T19:59:39.215423Z  INFO request{request_id=01a0f90d-1338-7094-a046-f466b183de21 method=POST path=/v1/transcribe}: gigastt_core::inference::engine::infer: encoder_inference elapsed_ms=396
2026-10-01T19:59:39.215592Z  INFO request{request_id=01a0f90d-1338-7094-a046-f466b183de21 method=POST path=/v1/transcribe}: gigastt_core::inference::engine::file_stream: transcribe complete (streaming windows) audio_s=15.24 wall_s=0.41 rtf=0.027
2026-10-01T19:59:39.217807Z  INFO request{request_id=01a0f90d-14d1-72c6-9101-4ac7391ac67f method=POST path=/v1/transcribe}: gigastt_core::inference::audio::wave: Audio (wave): 16000Hz, 1ch (streaming windows)
2026-10-01T19:59:39.628098Z  INFO request{request_id=01a0f90d-14ba-7303-94e9-724e90fa9f53 method=POST path=/v1/transcribe}: gigastt_core::inference::engine::infer: encoder_inference elapsed_ms=423
2026-10-01T19:59:39.628304Z  INFO request{request_id=01a0f90d-14ba-7303-94e9-724e90fa9f53 method=POST path=/v1/transcribe}: gigastt_core::inference::engine::file_stream: transcribe complete (streaming windows) audio_s=15.24 wall_s=0.43 rtf=0.028
2026-10-01T19:59:39.629539Z  INFO request{request_id=01a0f90d-166d-71dc-84ee-24420b983b69 method=POST path=/v1/transcribe}: gigastt_core::inference::audio::wave: Audio (wave): 8000Hz, 1ch (streaming windows)
2026-10-01T19:59:39.891653Z  INFO request{request_id=01a0f90d-14d1-72c6-9101-4ac7391ac67f method=POST path=/v1/transcribe}: gigastt_core::inference::engine::infer: encoder_inference elapsed_ms=672
2026-10-01T19:59:39.891866Z  INFO request{request_id=01a0f90d-14d1-72c6-9101-4ac7391ac67f method=POST path=/v1/transcribe}: gigastt_core::inference::engine::file_stream: transcribe complete (streaming windows) audio_s=19.32 wall_s=0.67 rtf=0.035
2026-10-01T19:59:39.894337Z  INFO request{request_id=01a0f90d-1776-73e5-a52f-3fc4f3577dd3 method=POST path=/v1/transcribe}: gigastt_core::inference::audio::wave: Audio (wave): 8000Hz, 1ch (streaming windows)
2026-10-01T19:59:40.330155Z  INFO request{request_id=01a0f90d-166d-71dc-84ee-24420b983b69 method=POST path=/v1/transcribe}: gigastt_core::inference::engine::infer: encoder_inference elapsed_ms=688
2026-10-01T19:59:40.330357Z  INFO request{request_id=01a0f90d-166d-71dc-84ee-24420b983b69 method=POST path=/v1/transcribe}: gigastt_core::inference::engine::file_stream: transcribe complete (streaming windows) audio_s=19.32 wall_s=0.70 rtf=0.036
2026-10-01T19:59:40.332075Z  INFO request{request_id=01a0f90d-192b-7438-ab3b-787a9bff0931 method=POST path=/v1/transcribe}: gigastt_core::inference::audio::wave: Audio (wave): 16000Hz, 1ch (streaming windows)
2026-10-01T19:59:40.577860Z  INFO request{request_id=01a0f90d-1776-73e5-a52f-3fc4f3577dd3 method=POST path=/v1/transcribe}: gigastt_core::inference::engine::infer: encoder_inference elapsed_ms=671
2026-10-01T19:59:40.578051Z  INFO request{request_id=01a0f90d-1776-73e5-a52f-3fc4f3577dd3 method=POST path=/v1/transcribe}: gigastt_core::inference::engine::file_stream: transcribe complete (streaming windows) audio_s=19.32 wall_s=0.68 rtf=0.035
2026-10-01T19:59:40.579951Z  INFO request{request_id=01a0f90d-1a23-72c2-a285-c1132704656c method=POST path=/v1/transcribe}: gigastt_core::inference::audio::wave: Audio (wave): 8000Hz, 1ch (streaming windows)
2026-10-01T19:59:40.751891Z  INFO request{request_id=01a0f90d-192b-7438-ab3b-787a9bff0931 method=POST path=/v1/transcribe}: gigastt_core::inference::engine::infer: encoder_inference elapsed_ms=418
2026-10-01T19:59:40.752071Z  INFO request{request_id=01a0f90d-192b-7438-ab3b-787a9bff0931 method=POST path=/v1/transcribe}: gigastt_core::inference::engine::file_stream: transcribe complete (streaming windows) audio_s=15.72 wall_s=0.42 rtf=0.027
2026-10-01T19:59:40.754272Z  INFO request{request_id=01a0f90d-1ad2-76a5-b865-7579e2ab9cd9 method=POST path=/v1/transcribe}: gigastt_core::inference::audio::wave: Audio (wave): 8000Hz, 1ch (streaming windows)
2026-10-01T19:59:41.029844Z  INFO request{request_id=01a0f90d-1a23-72c2-a285-c1132704656c method=POST path=/v1/transcribe}: gigastt_core::inference::engine::infer: encoder_inference elapsed_ms=439
2026-10-01T19:59:41.029998Z  INFO request{request_id=01a0f90d-1a23-72c2-a285-c1132704656c method=POST path=/v1/transcribe}: gigastt_core::inference::engine::file_stream: transcribe complete (streaming windows) audio_s=15.72 wall_s=0.45 rtf=0.029
2026-10-01T19:59:41.032455Z  INFO request{request_id=01a0f90d-1be7-71c7-b3b3-3e86cf0edfc6 method=POST path=/v1/transcribe}: gigastt_core::inference::audio::wave: Audio (wave): 16000Hz, 1ch (streaming windows)
2026-10-01T19:59:41.210593Z  INFO request{request_id=01a0f90d-1ad2-76a5-b865-7579e2ab9cd9 method=POST path=/v1/transcribe}: gigastt_core::inference::engine::infer: encoder_inference elapsed_ms=446
2026-10-01T19:59:41.210751Z  INFO request{request_id=01a0f90d-1ad2-76a5-b865-7579e2ab9cd9 method=POST path=/v1/transcribe}: gigastt_core::inference::engine::file_stream: transcribe complete (streaming windows) audio_s=15.72 wall_s=0.46 rtf=0.029
2026-10-01T19:59:41.211756Z  INFO request{request_id=01a0f90d-1c9b-7062-b68a-f97fb14361a0 method=POST path=/v1/transcribe}: gigastt_core::inference::audio::wave: Audio (wave): 8000Hz, 1ch (streaming windows)
2026-10-01T19:59:41.417077Z  INFO request{request_id=01a0f90d-1be7-71c7-b3b3-3e86cf0edfc6 method=POST path=/v1/transcribe}: gigastt_core::inference::engine::infer: encoder_inference elapsed_ms=383
2026-10-01T19:59:41.417249Z  INFO request{request_id=01a0f90d-1be7-71c7-b3b3-3e86cf0edfc6 method=POST path=/v1/transcribe}: gigastt_core::inference::engine::file_stream: transcribe complete (streaming windows) audio_s=14.70 wall_s=0.38 rtf=0.026
2026-10-01T19:59:41.418420Z  INFO request{request_id=01a0f90d-1d6a-772c-891e-8b5e109cc6e1 method=POST path=/v1/transcribe}: gigastt_core::inference::audio::wave: Audio (wave): 8000Hz, 1ch (streaming windows)
2026-10-01T19:59:41.641339Z  INFO request{request_id=01a0f90d-1c9b-7062-b68a-f97fb14361a0 method=POST path=/v1/transcribe}: gigastt_core::inference::engine::infer: encoder_inference elapsed_ms=419
2026-10-01T19:59:41.641516Z  INFO request{request_id=01a0f90d-1c9b-7062-b68a-f97fb14361a0 method=POST path=/v1/transcribe}: gigastt_core::inference::engine::file_stream: transcribe complete (streaming windows) audio_s=14.70 wall_s=0.43 rtf=0.029
2026-10-01T19:59:41.644113Z  INFO request{request_id=01a0f90d-1e4b-7512-a870-6ed553722770 method=POST path=/v1/transcribe}: gigastt_core::inference::audio::wave: Audio (wave): 16000Hz, 1ch (streaming windows)
2026-10-01T19:59:41.799638Z  INFO request{request_id=01a0f90d-1d6a-772c-891e-8b5e109cc6e1 method=POST path=/v1/transcribe}: gigastt_core::inference::engine::infer: encoder_inference elapsed_ms=371
2026-10-01T19:59:41.799800Z  INFO request{request_id=01a0f90d-1d6a-772c-891e-8b5e109cc6e1 method=POST path=/v1/transcribe}: gigastt_core::inference::engine::file_stream: transcribe complete (streaming windows) audio_s=14.70 wall_s=0.38 rtf=0.026
2026-10-01T19:59:41.806655Z  INFO request{request_id=01a0f90d-1eee-7486-8559-90fb3f19b234 method=POST path=/v1/transcribe}: gigastt_core::inference::audio::wave: Audio (wave): 8000Hz, 1ch (streaming windows)
2026-10-01T19:59:42.250332Z  INFO request{request_id=01a0f90d-1e4b-7512-a870-6ed553722770 method=POST path=/v1/transcribe}: gigastt_core::inference::engine::infer: encoder_inference elapsed_ms=604
2026-10-01T19:59:42.250530Z  INFO request{request_id=01a0f90d-1e4b-7512-a870-6ed553722770 method=POST path=/v1/transcribe}: gigastt_core::inference::engine::file_stream: transcribe complete (streaming windows) audio_s=18.60 wall_s=0.61 rtf=0.033
2026-10-01T19:59:42.252052Z  INFO request{request_id=01a0f90d-20ab-7265-af30-c286074647f2 method=POST path=/v1/transcribe}: gigastt_core::inference::audio::wave: Audio (wave): 8000Hz, 1ch (streaming windows)
2026-10-01T19:59:42.432608Z  INFO request{request_id=01a0f90d-1eee-7486-8559-90fb3f19b234 method=POST path=/v1/transcribe}: gigastt_core::inference::engine::infer: encoder_inference elapsed_ms=614
2026-10-01T19:59:42.432783Z  INFO request{request_id=01a0f90d-1eee-7486-8559-90fb3f19b234 method=POST path=/v1/transcribe}: gigastt_core::inference::engine::file_stream: transcribe complete (streaming windows) audio_s=18.60 wall_s=0.63 rtf=0.034
2026-10-01T19:59:42.435456Z  INFO request{request_id=01a0f90d-2163-70e8-ab64-314957642a4b method=POST path=/v1/transcribe}: gigastt_core::inference::audio::wave: Audio (wave): 16000Hz, 1ch (streaming windows)
2026-10-01T19:59:42.679501Z  INFO request{request_id=01a0f90d-2163-70e8-ab64-314957642a4b method=POST path=/v1/transcribe}: gigastt_core::inference::engine::infer: encoder_inference elapsed_ms=243
2026-10-01T19:59:42.679669Z  INFO request{request_id=01a0f90d-2163-70e8-ab64-314957642a4b method=POST path=/v1/transcribe}: gigastt_core::inference::engine::file_stream: transcribe complete (streaming windows) audio_s=9.96 wall_s=0.24 rtf=0.025
2026-10-01T19:59:42.680841Z  INFO request{request_id=01a0f90d-2258-77ca-8674-4da39f7f21f8 method=POST path=/v1/transcribe}: gigastt_core::inference::audio::wave: Audio (wave): 8000Hz, 1ch (streaming windows)
2026-10-01T19:59:42.920529Z  INFO request{request_id=01a0f90d-20ab-7265-af30-c286074647f2 method=POST path=/v1/transcribe}: gigastt_core::inference::engine::infer: encoder_inference elapsed_ms=657
2026-10-01T19:59:42.920708Z  INFO request{request_id=01a0f90d-20ab-7265-af30-c286074647f2 method=POST path=/v1/transcribe}: gigastt_core::inference::engine::file_stream: transcribe complete (streaming windows) audio_s=18.60 wall_s=0.67 rtf=0.036
2026-10-01T19:59:42.923230Z  INFO request{request_id=01a0f90d-234b-770f-bad2-2cb296d2a191 method=POST path=/v1/transcribe}: gigastt_core::inference::audio::wave: Audio (wave): 8000Hz, 1ch (streaming windows)
2026-10-01T19:59:42.957784Z  INFO request{request_id=01a0f90d-2258-77ca-8674-4da39f7f21f8 method=POST path=/v1/transcribe}: gigastt_core::inference::engine::infer: encoder_inference elapsed_ms=266
2026-10-01T19:59:42.957916Z  INFO request{request_id=01a0f90d-2258-77ca-8674-4da39f7f21f8 method=POST path=/v1/transcribe}: gigastt_core::inference::engine::file_stream: transcribe complete (streaming windows) audio_s=9.96 wall_s=0.28 rtf=0.028
2026-10-01T19:59:42.960583Z  INFO request{request_id=01a0f90d-2370-75e9-a9ad-00e1b944ca73 method=POST path=/v1/transcribe}: gigastt_core::inference::audio::wave: Audio (wave): 16000Hz, 1ch (streaming windows)
2026-10-01T19:59:43.203226Z  INFO request{request_id=01a0f90d-234b-770f-bad2-2cb296d2a191 method=POST path=/v1/transcribe}: gigastt_core::inference::engine::infer: encoder_inference elapsed_ms=272
2026-10-01T19:59:43.203364Z  INFO request{request_id=01a0f90d-234b-770f-bad2-2cb296d2a191 method=POST path=/v1/transcribe}: gigastt_core::inference::engine::file_stream: transcribe complete (streaming windows) audio_s=9.96 wall_s=0.28 rtf=0.028
2026-10-01T19:59:43.204735Z  INFO request{request_id=01a0f90d-2464-7799-8de3-87e80c609c15 method=POST path=/v1/transcribe}: gigastt_core::inference::audio::wave: Audio (wave): 8000Hz, 1ch (streaming windows)
2026-10-01T19:59:43.380544Z  INFO request{request_id=01a0f90d-2370-75e9-a9ad-00e1b944ca73 method=POST path=/v1/transcribe}: gigastt_core::inference::engine::infer: encoder_inference elapsed_ms=418
2026-10-01T19:59:43.380708Z  INFO request{request_id=01a0f90d-2370-75e9-a9ad-00e1b944ca73 method=POST path=/v1/transcribe}: gigastt_core::inference::engine::file_stream: transcribe complete (streaming windows) audio_s=15.30 wall_s=0.42 rtf=0.027
2026-10-01T19:59:43.382120Z  INFO request{request_id=01a0f90d-2516-7436-915d-039d0cd4aeca method=POST path=/v1/transcribe}: gigastt_core::inference::audio::wave: Audio (wave): 8000Hz, 1ch (streaming windows)
2026-10-01T19:59:43.650319Z  INFO request{request_id=01a0f90d-2464-7799-8de3-87e80c609c15 method=POST path=/v1/transcribe}: gigastt_core::inference::engine::infer: encoder_inference elapsed_ms=429
2026-10-01T19:59:43.650497Z  INFO request{request_id=01a0f90d-2464-7799-8de3-87e80c609c15 method=POST path=/v1/transcribe}: gigastt_core::inference::engine::file_stream: transcribe complete (streaming windows) audio_s=15.30 wall_s=0.45 rtf=0.029
2026-10-01T19:59:43.652414Z  INFO request{request_id=01a0f90d-2624-737e-8523-ede58fe03706 method=POST path=/v1/transcribe}: gigastt_core::inference::audio::wave: Audio (wave): 16000Hz, 1ch (streaming windows)
2026-10-01T19:59:43.811345Z  INFO request{request_id=01a0f90d-2516-7436-915d-039d0cd4aeca method=POST path=/v1/transcribe}: gigastt_core::inference::engine::infer: encoder_inference elapsed_ms=419
2026-10-01T19:59:43.811517Z  INFO request{request_id=01a0f90d-2516-7436-915d-039d0cd4aeca method=POST path=/v1/transcribe}: gigastt_core::inference::engine::file_stream: transcribe complete (streaming windows) audio_s=15.30 wall_s=0.43 rtf=0.028
2026-10-01T19:59:43.812802Z  INFO request{request_id=01a0f90d-26c4-738d-97a5-191bdad5dba0 method=POST path=/v1/transcribe}: gigastt_core::inference::audio::wave: Audio (wave): 8000Hz, 1ch (streaming windows)
2026-10-01T19:59:43.900612Z  INFO request{request_id=01a0f90d-2624-737e-8523-ede58fe03706 method=POST path=/v1/transcribe}: gigastt_core::inference::engine::infer: encoder_inference elapsed_ms=247
2026-10-01T19:59:43.900751Z  INFO request{request_id=01a0f90d-2624-737e-8523-ede58fe03706 method=POST path=/v1/transcribe}: gigastt_core::inference::engine::file_stream: transcribe complete (streaming windows) audio_s=9.36 wall_s=0.25 rtf=0.027
2026-10-01T19:59:43.902198Z  INFO request{request_id=01a0f90d-271e-75b0-89d4-b4da4ca3e4a8 method=POST path=/v1/transcribe}: gigastt_core::inference::audio::wave: Audio (wave): 8000Hz, 1ch (streaming windows)
2026-10-01T19:59:44.057748Z  INFO request{request_id=01a0f90d-26c4-738d-97a5-191bdad5dba0 method=POST path=/v1/transcribe}: gigastt_core::inference::engine::infer: encoder_inference elapsed_ms=234
2026-10-01T19:59:44.057921Z  INFO request{request_id=01a0f90d-26c4-738d-97a5-191bdad5dba0 method=POST path=/v1/transcribe}: gigastt_core::inference::engine::file_stream: transcribe complete (streaming windows) audio_s=9.36 wall_s=0.25 rtf=0.026
2026-10-01T19:59:44.060852Z  INFO request{request_id=01a0f90d-27bc-7026-99a4-bfbc7d0ab762 method=POST path=/v1/transcribe}: gigastt_core::inference::audio::wave: Audio (wave): 16000Hz, 1ch (streaming windows)
2026-10-01T19:59:44.133452Z  INFO request{request_id=01a0f90d-271e-75b0-89d4-b4da4ca3e4a8 method=POST path=/v1/transcribe}: gigastt_core::inference::engine::infer: encoder_inference elapsed_ms=224
2026-10-01T19:59:44.133578Z  INFO request{request_id=01a0f90d-271e-75b0-89d4-b4da4ca3e4a8 method=POST path=/v1/transcribe}: gigastt_core::inference::engine::file_stream: transcribe complete (streaming windows) audio_s=9.36 wall_s=0.23 rtf=0.025
2026-10-01T19:59:44.134684Z  INFO request{request_id=01a0f90d-2806-7027-b828-58ff8b9c1818 method=POST path=/v1/transcribe}: gigastt_core::inference::audio::wave: Audio (wave): 8000Hz, 1ch (streaming windows)
2026-10-01T19:59:44.523868Z  INFO request{request_id=01a0f90d-27bc-7026-99a4-bfbc7d0ab762 method=POST path=/v1/transcribe}: gigastt_core::inference::engine::infer: encoder_inference elapsed_ms=461
2026-10-01T19:59:44.524049Z  INFO request{request_id=01a0f90d-27bc-7026-99a4-bfbc7d0ab762 method=POST path=/v1/transcribe}: gigastt_core::inference::engine::file_stream: transcribe complete (streaming windows) audio_s=16.80 wall_s=0.46 rtf=0.028
2026-10-01T19:59:44.525642Z  INFO request{request_id=01a0f90d-298d-7364-8003-a260499cbe45 method=POST path=/v1/transcribe}: gigastt_core::inference::audio::wave: Audio (wave): 8000Hz, 1ch (streaming windows)
2026-10-01T19:59:44.748264Z  INFO request{request_id=01a0f90d-2806-7027-b828-58ff8b9c1818 method=POST path=/v1/transcribe}: gigastt_core::inference::engine::infer: encoder_inference elapsed_ms=602
2026-10-01T19:59:44.748462Z  INFO request{request_id=01a0f90d-2806-7027-b828-58ff8b9c1818 method=POST path=/v1/transcribe}: gigastt_core::inference::engine::file_stream: transcribe complete (streaming windows) audio_s=16.80 wall_s=0.61 rtf=0.037
2026-10-01T19:59:44.751799Z  INFO request{request_id=01a0f90d-2a6f-7219-ac82-ea4727d665a4 method=POST path=/v1/transcribe}: gigastt_core::inference::audio::wave: Audio (wave): 16000Hz, 1ch (streaming windows)
2026-10-01T19:59:45.337902Z  INFO request{request_id=01a0f90d-298d-7364-8003-a260499cbe45 method=POST path=/v1/transcribe}: gigastt_core::inference::engine::infer: encoder_inference elapsed_ms=801
2026-10-01T19:59:45.338290Z  INFO request{request_id=01a0f90d-298d-7364-8003-a260499cbe45 method=POST path=/v1/transcribe}: gigastt_core::inference::engine::file_stream: transcribe complete (streaming windows) audio_s=16.80 wall_s=0.81 rtf=0.048
2026-10-01T19:59:45.339962Z  INFO request{request_id=01a0f90d-2cbb-7542-9c9e-fcce9b33acd7 method=POST path=/v1/transcribe}: gigastt_core::inference::audio::wave: Audio (wave): 8000Hz, 1ch (streaming windows)
2026-10-01T19:59:45.474791Z  INFO request{request_id=01a0f90d-2a6f-7219-ac82-ea4727d665a4 method=POST path=/v1/transcribe}: gigastt_core::inference::engine::infer: encoder_inference elapsed_ms=721
2026-10-01T19:59:45.474995Z  INFO request{request_id=01a0f90d-2a6f-7219-ac82-ea4727d665a4 method=POST path=/v1/transcribe}: gigastt_core::inference::engine::file_stream: transcribe complete (streaming windows) audio_s=13.50 wall_s=0.72 rtf=0.054
2026-10-01T19:59:45.476607Z  INFO request{request_id=01a0f90d-2d44-756a-89bf-9d923f3e4619 method=POST path=/v1/transcribe}: gigastt_core::inference::audio::wave: Audio (wave): 8000Hz, 1ch (streaming windows)
2026-10-01T19:59:46.021240Z  INFO request{request_id=01a0f90d-2cbb-7542-9c9e-fcce9b33acd7 method=POST path=/v1/transcribe}: gigastt_core::inference::engine::infer: encoder_inference elapsed_ms=663
2026-10-01T19:59:46.021562Z  INFO request{request_id=01a0f90d-2cbb-7542-9c9e-fcce9b33acd7 method=POST path=/v1/transcribe}: gigastt_core::inference::engine::file_stream: transcribe complete (streaming windows) audio_s=13.50 wall_s=0.68 rtf=0.050
2026-10-01T19:59:46.024844Z  INFO request{request_id=01a0f90d-2f68-71de-aa6c-5c80e9494247 method=POST path=/v1/transcribe}: gigastt_core::inference::audio::wave: Audio (wave): 16000Hz, 1ch (streaming windows)
2026-10-01T19:59:46.133959Z  INFO request{request_id=01a0f90d-2d44-756a-89bf-9d923f3e4619 method=POST path=/v1/transcribe}: gigastt_core::inference::engine::infer: encoder_inference elapsed_ms=643
2026-10-01T19:59:46.134137Z  INFO request{request_id=01a0f90d-2d44-756a-89bf-9d923f3e4619 method=POST path=/v1/transcribe}: gigastt_core::inference::engine::file_stream: transcribe complete (streaming windows) audio_s=13.50 wall_s=0.66 rtf=0.049
2026-10-01T19:59:46.135443Z  INFO request{request_id=01a0f90d-2fd7-72e6-bf1f-c26aa4f4986d method=POST path=/v1/transcribe}: gigastt_core::inference::audio::wave: Audio (wave): 8000Hz, 1ch (streaming windows)
2026-10-01T19:59:46.624402Z  INFO request{request_id=01a0f90d-2f68-71de-aa6c-5c80e9494247 method=POST path=/v1/transcribe}: gigastt_core::inference::engine::infer: encoder_inference elapsed_ms=597
2026-10-01T19:59:46.624608Z  INFO request{request_id=01a0f90d-2f68-71de-aa6c-5c80e9494247 method=POST path=/v1/transcribe}: gigastt_core::inference::engine::file_stream: transcribe complete (streaming windows) audio_s=14.52 wall_s=0.60 rtf=0.041
2026-10-01T19:59:46.627274Z  INFO request{request_id=01a0f90d-31c3-778e-85dc-02311e782cdd method=POST path=/v1/transcribe}: gigastt_core::inference::audio::wave: Audio (wave): 8000Hz, 1ch (streaming windows)
2026-10-01T19:59:46.825129Z  INFO request{request_id=01a0f90d-2fd7-72e6-bf1f-c26aa4f4986d method=POST path=/v1/transcribe}: gigastt_core::inference::engine::infer: encoder_inference elapsed_ms=679
2026-10-01T19:59:46.825362Z  INFO request{request_id=01a0f90d-2fd7-72e6-bf1f-c26aa4f4986d method=POST path=/v1/transcribe}: gigastt_core::inference::engine::file_stream: transcribe complete (streaming windows) audio_s=14.52 wall_s=0.69 rtf=0.048
2026-10-01T19:59:46.829171Z  INFO request{request_id=01a0f90d-328c-734c-a0a3-aa0dd9dccdfd method=POST path=/v1/transcribe}: gigastt_core::inference::audio::wave: Audio (wave): 16000Hz, 1ch (streaming windows)
2026-10-01T19:59:47.150516Z  INFO request{request_id=01a0f90d-31c3-778e-85dc-02311e782cdd method=POST path=/v1/transcribe}: gigastt_core::inference::engine::infer: encoder_inference elapsed_ms=505
2026-10-01T19:59:47.150772Z  INFO request{request_id=01a0f90d-31c3-778e-85dc-02311e782cdd method=POST path=/v1/transcribe}: gigastt_core::inference::engine::file_stream: transcribe complete (streaming windows) audio_s=14.52 wall_s=0.52 rtf=0.036
2026-10-01T19:59:47.152159Z  INFO request{request_id=01a0f90d-33d0-773e-9f38-59b5f6f7e3d2 method=POST path=/v1/transcribe}: gigastt_core::inference::audio::wave: Audio (wave): 8000Hz, 1ch (streaming windows)
2026-10-01T19:59:47.189496Z  INFO request{request_id=01a0f90d-328c-734c-a0a3-aa0dd9dccdfd method=POST path=/v1/transcribe}: gigastt_core::inference::engine::infer: encoder_inference elapsed_ms=359
2026-10-01T19:59:47.189645Z  INFO request{request_id=01a0f90d-328c-734c-a0a3-aa0dd9dccdfd method=POST path=/v1/transcribe}: gigastt_core::inference::engine::file_stream: transcribe complete (streaming windows) audio_s=10.86 wall_s=0.36 rtf=0.033
2026-10-01T19:59:47.190625Z  INFO request{request_id=01a0f90d-33f6-70bc-8c74-be19416210f1 method=POST path=/v1/transcribe}: gigastt_core::inference::audio::wave: Audio (wave): 8000Hz, 1ch (streaming windows)
2026-10-01T19:59:47.491365Z  INFO request{request_id=01a0f90d-33d0-773e-9f38-59b5f6f7e3d2 method=POST path=/v1/transcribe}: gigastt_core::inference::engine::infer: encoder_inference elapsed_ms=326
2026-10-01T19:59:47.491567Z  INFO request{request_id=01a0f90d-33d0-773e-9f38-59b5f6f7e3d2 method=POST path=/v1/transcribe}: gigastt_core::inference::engine::file_stream: transcribe complete (streaming windows) audio_s=10.86 wall_s=0.34 rtf=0.031
2026-10-01T19:59:47.494248Z  INFO request{request_id=01a0f90d-3525-77d4-84cd-0f81f643e9fb method=POST path=/v1/transcribe}: gigastt_core::inference::audio::wave: Audio (wave): 16000Hz, 1ch (streaming windows)
2026-10-01T19:59:47.664523Z  INFO request{request_id=01a0f90d-33f6-70bc-8c74-be19416210f1 method=POST path=/v1/transcribe}: gigastt_core::inference::engine::infer: encoder_inference elapsed_ms=466
2026-10-01T19:59:47.664726Z  INFO request{request_id=01a0f90d-33f6-70bc-8c74-be19416210f1 method=POST path=/v1/transcribe}: gigastt_core::inference::engine::file_stream: transcribe complete (streaming windows) audio_s=10.86 wall_s=0.47 rtf=0.044
2026-10-01T19:59:47.666864Z  INFO request{request_id=01a0f90d-35d2-776f-9391-faaab190a9af method=POST path=/v1/transcribe}: gigastt_core::inference::audio::wave: Audio (wave): 8000Hz, 1ch (streaming windows)
2026-10-01T19:59:48.432328Z  INFO request{request_id=01a0f90d-3525-77d4-84cd-0f81f643e9fb method=POST path=/v1/transcribe}: gigastt_core::inference::engine::infer: encoder_inference elapsed_ms=935
2026-10-01T19:59:48.432622Z  INFO request{request_id=01a0f90d-3525-77d4-84cd-0f81f643e9fb method=POST path=/v1/transcribe}: gigastt_core::inference::engine::file_stream: transcribe complete (streaming windows) audio_s=20.40 wall_s=0.94 rtf=0.046
2026-10-01T19:59:48.434225Z  INFO request{request_id=01a0f90d-38d2-7579-a5bb-27e8783209cb method=POST path=/v1/transcribe}: gigastt_core::inference::audio::wave: Audio (wave): 8000Hz, 1ch (streaming windows)
2026-10-01T19:59:48.659602Z  INFO request{request_id=01a0f90d-35d2-776f-9391-faaab190a9af method=POST path=/v1/transcribe}: gigastt_core::inference::engine::infer: encoder_inference elapsed_ms=975
2026-10-01T19:59:48.659897Z  INFO request{request_id=01a0f90d-35d2-776f-9391-faaab190a9af method=POST path=/v1/transcribe}: gigastt_core::inference::engine::file_stream: transcribe complete (streaming windows) audio_s=20.40 wall_s=0.99 rtf=0.049
2026-10-01T19:59:48.661503Z  INFO request{request_id=01a0f90d-39b5-716b-a362-e4c6de5ba7f2 method=POST path=/v1/transcribe}: gigastt_core::inference::audio::wave: Audio (wave): 16000Hz, 1ch (streaming windows)
2026-10-01T19:59:48.881350Z  INFO request{request_id=01a0f90d-39b5-716b-a362-e4c6de5ba7f2 method=POST path=/v1/transcribe}: gigastt_core::inference::engine::infer: encoder_inference elapsed_ms=218
2026-10-01T19:59:48.881479Z  INFO request{request_id=01a0f90d-39b5-716b-a362-e4c6de5ba7f2 method=POST path=/v1/transcribe}: gigastt_core::inference::engine::file_stream: transcribe complete (streaming windows) audio_s=7.50 wall_s=0.22 rtf=0.029
2026-10-01T19:59:48.885304Z  INFO request{request_id=01a0f90d-3a95-7504-ad9b-2a1632e27971 method=POST path=/v1/transcribe}: gigastt_core::inference::audio::wave: Audio (wave): 8000Hz, 1ch (streaming windows)
2026-10-01T19:59:49.094975Z  INFO request{request_id=01a0f90d-3a95-7504-ad9b-2a1632e27971 method=POST path=/v1/transcribe}: gigastt_core::inference::engine::infer: encoder_inference elapsed_ms=202
2026-10-01T19:59:49.095113Z  INFO request{request_id=01a0f90d-3a95-7504-ad9b-2a1632e27971 method=POST path=/v1/transcribe}: gigastt_core::inference::engine::file_stream: transcribe complete (streaming windows) audio_s=7.50 wall_s=0.21 rtf=0.028
2026-10-01T19:59:49.096761Z  INFO request{request_id=01a0f90d-38d2-7579-a5bb-27e8783209cb method=POST path=/v1/transcribe}: gigastt_core::inference::engine::infer: encoder_inference elapsed_ms=643
2026-10-01T19:59:49.096908Z  INFO request{request_id=01a0f90d-3b68-7489-b785-9f4805dd18c0 method=POST path=/v1/transcribe}: gigastt_core::inference::audio::wave: Audio (wave): 8000Hz, 1ch (streaming windows)
2026-10-01T19:59:49.097120Z  INFO request{request_id=01a0f90d-38d2-7579-a5bb-27e8783209cb method=POST path=/v1/transcribe}: gigastt_core::inference::engine::file_stream: transcribe complete (streaming windows) audio_s=20.40 wall_s=0.66 rtf=0.032
2026-10-01T19:59:49.102068Z  INFO request{request_id=01a0f90d-3b6c-7464-ab2e-66eeafe248c6 method=POST path=/v1/transcribe}: gigastt_core::inference::audio::wave: Audio (wave): 16000Hz, 1ch (streaming windows)
2026-10-01T19:59:49.322526Z  INFO request{request_id=01a0f90d-3b68-7489-b785-9f4805dd18c0 method=POST path=/v1/transcribe}: gigastt_core::inference::engine::infer: encoder_inference elapsed_ms=219
2026-10-01T19:59:49.322652Z  INFO request{request_id=01a0f90d-3b68-7489-b785-9f4805dd18c0 method=POST path=/v1/transcribe}: gigastt_core::inference::engine::file_stream: transcribe complete (streaming windows) audio_s=7.50 wall_s=0.23 rtf=0.030
2026-10-01T19:59:49.324469Z  INFO request{request_id=01a0f90d-3c4c-7744-b527-cfd310064412 method=POST path=/v1/transcribe}: gigastt_core::inference::audio::wave: Audio (wave): 8000Hz, 1ch (streaming windows)
2026-10-01T19:59:50.334522Z  INFO request{request_id=01a0f90d-3b6c-7464-ab2e-66eeafe248c6 method=POST path=/v1/transcribe}: gigastt_core::inference::engine::infer: encoder_inference elapsed_ms=1229
2026-10-01T19:59:50.334764Z  INFO request{request_id=01a0f90d-3b6c-7464-ab2e-66eeafe248c6 method=POST path=/v1/transcribe}: gigastt_core::inference::engine::file_stream: transcribe complete (streaming windows) audio_s=25.02 wall_s=1.23 rtf=0.049
2026-10-01T19:59:50.336341Z  INFO request{request_id=01a0f90d-4040-71e5-83ed-2a80866d143f method=POST path=/v1/transcribe}: gigastt_core::inference::audio::wave: Audio (wave): 8000Hz, 1ch (streaming windows)
2026-10-01T19:59:50.551788Z  INFO request{request_id=01a0f90d-3c4c-7744-b527-cfd310064412 method=POST path=/v1/transcribe}: gigastt_core::inference::engine::infer: encoder_inference elapsed_ms=1211
2026-10-01T19:59:50.552030Z  INFO request{request_id=01a0f90d-3c4c-7744-b527-cfd310064412 method=POST path=/v1/transcribe}: gigastt_core::inference::engine::file_stream: transcribe complete (streaming windows) audio_s=25.02 wall_s=1.23 rtf=0.049
2026-10-01T19:59:50.554300Z  INFO request{request_id=01a0f90d-4119-744c-93a8-9e6140c0f6f4 method=POST path=/v1/transcribe}: gigastt_core::inference::audio::wave: Audio (wave): 16000Hz, 1ch (streaming windows)
2026-10-01T19:59:51.012636Z  INFO request{request_id=01a0f90d-4119-744c-93a8-9e6140c0f6f4 method=POST path=/v1/transcribe}: gigastt_core::inference::engine::infer: encoder_inference elapsed_ms=456
2026-10-01T19:59:51.012899Z  INFO request{request_id=01a0f90d-4119-744c-93a8-9e6140c0f6f4 method=POST path=/v1/transcribe}: gigastt_core::inference::engine::file_stream: transcribe complete (streaming windows) audio_s=14.70 wall_s=0.46 rtf=0.031
2026-10-01T19:59:51.014195Z  INFO request{request_id=01a0f90d-42e6-7057-8aa6-9d68bab7a601 method=POST path=/v1/transcribe}: gigastt_core::inference::audio::wave: Audio (wave): 8000Hz, 1ch (streaming windows)
2026-10-01T19:59:51.195421Z  INFO request{request_id=01a0f90d-4040-71e5-83ed-2a80866d143f method=POST path=/v1/transcribe}: gigastt_core::inference::engine::infer: encoder_inference elapsed_ms=842
2026-10-01T19:59:51.195656Z  INFO request{request_id=01a0f90d-4040-71e5-83ed-2a80866d143f method=POST path=/v1/transcribe}: gigastt_core::inference::engine::file_stream: transcribe complete (streaming windows) audio_s=25.02 wall_s=0.86 rtf=0.034
2026-10-01T19:59:51.197088Z  INFO request{request_id=01a0f90d-439c-75fd-98fa-e064bffda110 method=POST path=/v1/transcribe}: gigastt_core::inference::audio::wave: Audio (wave): 8000Hz, 1ch (streaming windows)
2026-10-01T19:59:51.459846Z  INFO request{request_id=01a0f90d-42e6-7057-8aa6-9d68bab7a601 method=POST path=/v1/transcribe}: gigastt_core::inference::engine::infer: encoder_inference elapsed_ms=428
2026-10-01T19:59:51.460129Z  INFO request{request_id=01a0f90d-42e6-7057-8aa6-9d68bab7a601 method=POST path=/v1/transcribe}: gigastt_core::inference::engine::file_stream: transcribe complete (streaming windows) audio_s=14.70 wall_s=0.45 rtf=0.030
2026-10-01T19:59:51.461872Z  INFO request{request_id=01a0f90d-44a5-746b-8a6e-0557b77f88ed method=POST path=/v1/transcribe}: gigastt_core::inference::audio::wave: Audio (wave): 16000Hz, 1ch (streaming windows)
2026-10-01T19:59:51.604686Z  INFO request{request_id=01a0f90d-439c-75fd-98fa-e064bffda110 method=POST path=/v1/transcribe}: gigastt_core::inference::engine::infer: encoder_inference elapsed_ms=397
2026-10-01T19:59:51.604929Z  INFO request{request_id=01a0f90d-439c-75fd-98fa-e064bffda110 method=POST path=/v1/transcribe}: gigastt_core::inference::engine::file_stream: transcribe complete (streaming windows) audio_s=14.70 wall_s=0.41 rtf=0.028
2026-10-01T19:59:51.606282Z  INFO request{request_id=01a0f90d-4536-714e-adfe-583ba322b649 method=POST path=/v1/transcribe}: gigastt_core::inference::audio::wave: Audio (wave): 8000Hz, 1ch (streaming windows)
2026-10-01T19:59:51.907573Z  INFO request{request_id=01a0f90d-44a5-746b-8a6e-0557b77f88ed method=POST path=/v1/transcribe}: gigastt_core::inference::engine::infer: encoder_inference elapsed_ms=444
2026-10-01T19:59:51.907971Z  INFO request{request_id=01a0f90d-44a5-746b-8a6e-0557b77f88ed method=POST path=/v1/transcribe}: gigastt_core::inference::engine::file_stream: transcribe complete (streaming windows) audio_s=12.78 wall_s=0.45 rtf=0.035
2026-10-01T19:59:51.909837Z  INFO request{request_id=01a0f90d-4665-70b4-aba9-80ee76aa0d90 method=POST path=/v1/transcribe}: gigastt_core::inference::audio::wave: Audio (wave): 8000Hz, 1ch (streaming windows)
2026-10-01T19:59:52.083672Z  INFO request{request_id=01a0f90d-4536-714e-adfe-583ba322b649 method=POST path=/v1/transcribe}: gigastt_core::inference::engine::infer: encoder_inference elapsed_ms=463
2026-10-01T19:59:52.083885Z  INFO request{request_id=01a0f90d-4536-714e-adfe-583ba322b649 method=POST path=/v1/transcribe}: gigastt_core::inference::engine::file_stream: transcribe complete (streaming windows) audio_s=12.78 wall_s=0.48 rtf=0.037
2026-10-01T19:59:52.087734Z  INFO request{request_id=01a0f90d-4716-7782-8e33-ad506a2f8cf4 method=POST path=/v1/transcribe}: gigastt_core::inference::audio::wave: Audio (wave): 16000Hz, 1ch (streaming windows)
2026-10-01T19:59:52.365183Z  INFO request{request_id=01a0f90d-4665-70b4-aba9-80ee76aa0d90 method=POST path=/v1/transcribe}: gigastt_core::inference::engine::infer: encoder_inference elapsed_ms=440
2026-10-01T19:59:52.365448Z  INFO request{request_id=01a0f90d-4665-70b4-aba9-80ee76aa0d90 method=POST path=/v1/transcribe}: gigastt_core::inference::engine::file_stream: transcribe complete (streaming windows) audio_s=12.78 wall_s=0.46 rtf=0.036
2026-10-01T19:59:52.367456Z  INFO request{request_id=01a0f90d-482f-7794-ac1d-12d12059ac3e method=POST path=/v1/transcribe}: gigastt_core::inference::audio::wave: Audio (wave): 8000Hz, 1ch (streaming windows)
2026-10-01T19:59:53.449146Z  INFO request{request_id=01a0f90d-4716-7782-8e33-ad506a2f8cf4 method=POST path=/v1/transcribe}: gigastt_core::inference::engine::infer: encoder_inference elapsed_ms=1357
2026-10-01T19:59:53.449534Z  INFO request{request_id=01a0f90d-4716-7782-8e33-ad506a2f8cf4 method=POST path=/v1/transcribe}: gigastt_core::inference::engine::file_stream: transcribe complete (streaming windows) audio_s=24.36 wall_s=1.36 rtf=0.056
2026-10-01T19:59:53.457077Z  INFO request{request_id=01a0f90d-4c70-7373-b7d6-0f0662543074 method=POST path=/v1/transcribe}: gigastt_core::inference::audio::wave: Audio (wave): 8000Hz, 1ch (streaming windows)
2026-10-01T19:59:53.729044Z  INFO request{request_id=01a0f90d-482f-7794-ac1d-12d12059ac3e method=POST path=/v1/transcribe}: gigastt_core::inference::engine::infer: encoder_inference elapsed_ms=1345
2026-10-01T19:59:53.729391Z  INFO request{request_id=01a0f90d-482f-7794-ac1d-12d12059ac3e method=POST path=/v1/transcribe}: gigastt_core::inference::engine::file_stream: transcribe complete (streaming windows) audio_s=24.36 wall_s=1.36 rtf=0.056
2026-10-01T19:59:53.733149Z  INFO request{request_id=01a0f90d-4d84-7608-9d81-f33d1b2053a8 method=POST path=/v1/transcribe}: gigastt_core::inference::audio::wave: Audio (wave): 16000Hz, 1ch (streaming windows)
2026-10-01T19:59:54.553963Z  INFO request{request_id=01a0f90d-4d84-7608-9d81-f33d1b2053a8 method=POST path=/v1/transcribe}: gigastt_core::inference::engine::infer: encoder_inference elapsed_ms=815
2026-10-01T19:59:54.554188Z  INFO request{request_id=01a0f90d-4d84-7608-9d81-f33d1b2053a8 method=POST path=/v1/transcribe}: gigastt_core::inference::engine::file_stream: transcribe complete (streaming windows) audio_s=16.44 wall_s=0.82 rtf=0.050
2026-10-01T19:59:54.558616Z  INFO request{request_id=01a0f90d-50be-7261-9194-353464a54850 method=POST path=/v1/transcribe}: gigastt_core::inference::audio::wave: Audio (wave): 8000Hz, 1ch (streaming windows)
2026-10-01T19:59:55.082759Z  INFO request{request_id=01a0f90d-4c70-7373-b7d6-0f0662543074 method=POST path=/v1/transcribe}: gigastt_core::inference::engine::infer: encoder_inference elapsed_ms=1556
2026-10-01T19:59:55.083324Z  INFO request{request_id=01a0f90d-4c70-7373-b7d6-0f0662543074 method=POST path=/v1/transcribe}: gigastt_core::inference::engine::file_stream: transcribe complete (streaming windows) audio_s=24.36 wall_s=1.63 rtf=0.067
2026-10-01T19:59:55.089777Z  INFO request{request_id=01a0f90d-52d1-7553-9b50-315ee6423e96 method=POST path=/v1/transcribe}: gigastt_core::inference::audio::wave: Audio (wave): 8000Hz, 1ch (streaming windows)
2026-10-01T19:59:55.597762Z  INFO request{request_id=01a0f90d-50be-7261-9194-353464a54850 method=POST path=/v1/transcribe}: gigastt_core::inference::engine::infer: encoder_inference elapsed_ms=1019
2026-10-01T19:59:55.598006Z  INFO request{request_id=01a0f90d-50be-7261-9194-353464a54850 method=POST path=/v1/transcribe}: gigastt_core::inference::engine::file_stream: transcribe complete (streaming windows) audio_s=16.44 wall_s=1.04 rtf=0.063
2026-10-01T19:59:55.603949Z  INFO request{request_id=01a0f90d-54d3-7209-9c80-ab2ce62f7d3a method=POST path=/v1/transcribe}: gigastt_core::inference::audio::wave: Audio (wave): 16000Hz, 1ch (streaming windows)
2026-10-01T19:59:55.847462Z  INFO request{request_id=01a0f90d-52d1-7553-9b50-315ee6423e96 method=POST path=/v1/transcribe}: gigastt_core::inference::engine::infer: encoder_inference elapsed_ms=733
2026-10-01T19:59:55.847644Z  INFO request{request_id=01a0f90d-52d1-7553-9b50-315ee6423e96 method=POST path=/v1/transcribe}: gigastt_core::inference::engine::file_stream: transcribe complete (streaming windows) audio_s=16.44 wall_s=0.76 rtf=0.046
2026-10-01T19:59:55.849312Z  INFO request{request_id=01a0f90d-55c9-7121-846a-2c84a24db932 method=POST path=/v1/transcribe}: gigastt_core::inference::audio::wave: Audio (wave): 8000Hz, 1ch (streaming windows)
2026-10-01T19:59:55.965559Z  INFO request{request_id=01a0f90d-54d3-7209-9c80-ab2ce62f7d3a method=POST path=/v1/transcribe}: gigastt_core::inference::engine::infer: encoder_inference elapsed_ms=359
2026-10-01T19:59:55.965712Z  INFO request{request_id=01a0f90d-54d3-7209-9c80-ab2ce62f7d3a method=POST path=/v1/transcribe}: gigastt_core::inference::engine::file_stream: transcribe complete (streaming windows) audio_s=11.82 wall_s=0.36 rtf=0.031
2026-10-01T19:59:55.966907Z  INFO request{request_id=01a0f90d-563e-77bc-88d6-783a5840eb6a method=POST path=/v1/transcribe}: gigastt_core::inference::audio::wave: Audio (wave): 8000Hz, 1ch (streaming windows)
2026-10-01T19:59:56.167952Z  INFO request{request_id=01a0f90d-55c9-7121-846a-2c84a24db932 method=POST path=/v1/transcribe}: gigastt_core::inference::engine::infer: encoder_inference elapsed_ms=306
2026-10-01T19:59:56.168148Z  INFO request{request_id=01a0f90d-55c9-7121-846a-2c84a24db932 method=POST path=/v1/transcribe}: gigastt_core::inference::engine::file_stream: transcribe complete (streaming windows) audio_s=11.82 wall_s=0.32 rtf=0.027
2026-10-01T19:59:56.171148Z  INFO request{request_id=01a0f90d-570a-71f8-9c2f-849968a6c49e method=POST path=/v1/transcribe}: gigastt_core::inference::audio::wave: Audio (wave): 16000Hz, 1ch (streaming windows)
2026-10-01T19:59:56.303310Z  INFO request{request_id=01a0f90d-563e-77bc-88d6-783a5840eb6a method=POST path=/v1/transcribe}: gigastt_core::inference::engine::infer: encoder_inference elapsed_ms=328
2026-10-01T19:59:56.303463Z  INFO request{request_id=01a0f90d-563e-77bc-88d6-783a5840eb6a method=POST path=/v1/transcribe}: gigastt_core::inference::engine::file_stream: transcribe complete (streaming windows) audio_s=11.82 wall_s=0.34 rtf=0.028
2026-10-01T19:59:56.305161Z  INFO request{request_id=01a0f90d-5791-721f-bdab-8fc36156f864 method=POST path=/v1/transcribe}: gigastt_core::inference::audio::wave: Audio (wave): 8000Hz, 1ch (streaming windows)
2026-10-01T19:59:56.933262Z  INFO request{request_id=01a0f90d-570a-71f8-9c2f-849968a6c49e method=POST path=/v1/transcribe}: gigastt_core::inference::engine::infer: encoder_inference elapsed_ms=760
2026-10-01T19:59:56.933500Z  INFO request{request_id=01a0f90d-570a-71f8-9c2f-849968a6c49e method=POST path=/v1/transcribe}: gigastt_core::inference::engine::file_stream: transcribe complete (streaming windows) audio_s=23.58 wall_s=0.76 rtf=0.032
2026-10-01T19:59:56.935058Z  INFO request{request_id=01a0f90d-5a06-74d3-b5dd-c79c830cabe3 method=POST path=/v1/transcribe}: gigastt_core::inference::audio::wave: Audio (wave): 8000Hz, 1ch (streaming windows)
2026-10-01T19:59:57.233668Z  INFO request{request_id=01a0f90d-5791-721f-bdab-8fc36156f864 method=POST path=/v1/transcribe}: gigastt_core::inference::engine::infer: encoder_inference elapsed_ms=913
2026-10-01T19:59:57.233888Z  INFO request{request_id=01a0f90d-5791-721f-bdab-8fc36156f864 method=POST path=/v1/transcribe}: gigastt_core::inference::engine::file_stream: transcribe complete (streaming windows) audio_s=23.58 wall_s=0.93 rtf=0.039
2026-10-01T19:59:57.235442Z  INFO request{request_id=01a0f90d-5b33-7787-8b68-b2462df7c66e method=POST path=/v1/transcribe}: gigastt_core::inference::audio::wave: Audio (wave): 16000Hz, 1ch (streaming windows)
2026-10-01T19:59:57.603845Z  INFO request{request_id=01a0f90d-5b33-7787-8b68-b2462df7c66e method=POST path=/v1/transcribe}: gigastt_core::inference::engine::infer: encoder_inference elapsed_ms=367
2026-10-01T19:59:57.604068Z  INFO request{request_id=01a0f90d-5b33-7787-8b68-b2462df7c66e method=POST path=/v1/transcribe}: gigastt_core::inference::engine::file_stream: transcribe complete (streaming windows) audio_s=12.36 wall_s=0.37 rtf=0.030
2026-10-01T19:59:57.605458Z  INFO request{request_id=01a0f90d-5ca5-7700-9dde-72a116b72b71 method=POST path=/v1/transcribe}: gigastt_core::inference::audio::wave: Audio (wave): 8000Hz, 1ch (streaming windows)
2026-10-01T19:59:57.669354Z  INFO request{request_id=01a0f90d-5a06-74d3-b5dd-c79c830cabe3 method=POST path=/v1/transcribe}: gigastt_core::inference::engine::infer: encoder_inference elapsed_ms=718
2026-10-01T19:59:57.669653Z  INFO request{request_id=01a0f90d-5a06-74d3-b5dd-c79c830cabe3 method=POST path=/v1/transcribe}: gigastt_core::inference::engine::file_stream: transcribe complete (streaming windows) audio_s=23.58 wall_s=0.73 rtf=0.031
2026-10-01T19:59:57.670796Z  INFO request{request_id=01a0f90d-5ce6-752d-bb36-2852859a5bd0 method=POST path=/v1/transcribe}: gigastt_core::inference::audio::wave: Audio (wave): 8000Hz, 1ch (streaming windows)
2026-10-01T19:59:57.953894Z  INFO request{request_id=01a0f90d-5ca5-7700-9dde-72a116b72b71 method=POST path=/v1/transcribe}: gigastt_core::inference::engine::infer: encoder_inference elapsed_ms=335
2026-10-01T19:59:57.954124Z  INFO request{request_id=01a0f90d-5ca5-7700-9dde-72a116b72b71 method=POST path=/v1/transcribe}: gigastt_core::inference::engine::file_stream: transcribe complete (streaming windows) audio_s=12.36 wall_s=0.35 rtf=0.028
2026-10-01T19:59:57.955908Z  INFO request{request_id=01a0f90d-5e03-754f-8bbb-7b5aad9ff8af method=POST path=/v1/transcribe}: gigastt_core::inference::audio::wave: Audio (wave): 16000Hz, 1ch (streaming windows)
2026-10-01T19:59:58.004218Z  INFO request{request_id=01a0f90d-5ce6-752d-bb36-2852859a5bd0 method=POST path=/v1/transcribe}: gigastt_core::inference::engine::infer: encoder_inference elapsed_ms=320
2026-10-01T19:59:58.004406Z  INFO request{request_id=01a0f90d-5ce6-752d-bb36-2852859a5bd0 method=POST path=/v1/transcribe}: gigastt_core::inference::engine::file_stream: transcribe complete (streaming windows) audio_s=12.36 wall_s=0.33 rtf=0.027
2026-10-01T19:59:58.005483Z  INFO request{request_id=01a0f90d-5e35-749e-8ea9-495473b8409a method=POST path=/v1/transcribe}: gigastt_core::inference::audio::wave: Audio (wave): 8000Hz, 1ch (streaming windows)
2026-10-01T19:59:58.169770Z  INFO request{request_id=01a0f90d-5e03-754f-8bbb-7b5aad9ff8af method=POST path=/v1/transcribe}: gigastt_core::inference::engine::infer: encoder_inference elapsed_ms=212
2026-10-01T19:59:58.169945Z  INFO request{request_id=01a0f90d-5e03-754f-8bbb-7b5aad9ff8af method=POST path=/v1/transcribe}: gigastt_core::inference::engine::file_stream: transcribe complete (streaming windows) audio_s=7.80 wall_s=0.21 rtf=0.027
2026-10-01T19:59:58.171398Z  INFO request{request_id=01a0f90d-5edb-77ea-8a8a-b96954402b1b method=POST path=/v1/transcribe}: gigastt_core::inference::audio::wave: Audio (wave): 8000Hz, 1ch (streaming windows)
2026-10-01T19:59:58.227649Z  INFO request{request_id=01a0f90d-5e35-749e-8ea9-495473b8409a method=POST path=/v1/transcribe}: gigastt_core::inference::engine::infer: encoder_inference elapsed_ms=212
2026-10-01T19:59:58.227815Z  INFO request{request_id=01a0f90d-5e35-749e-8ea9-495473b8409a method=POST path=/v1/transcribe}: gigastt_core::inference::engine::file_stream: transcribe complete (streaming windows) audio_s=7.80 wall_s=0.22 rtf=0.029
2026-10-01T19:59:58.229834Z  INFO request{request_id=01a0f90d-5f15-73e4-9004-6fba9f19bc8b method=POST path=/v1/transcribe}: gigastt_core::inference::audio::wave: Audio (wave): 16000Hz, 1ch (streaming windows)
2026-10-01T19:59:58.407490Z  INFO request{request_id=01a0f90d-5edb-77ea-8a8a-b96954402b1b method=POST path=/v1/transcribe}: gigastt_core::inference::engine::infer: encoder_inference elapsed_ms=226
2026-10-01T19:59:58.407653Z  INFO request{request_id=01a0f90d-5edb-77ea-8a8a-b96954402b1b method=POST path=/v1/transcribe}: gigastt_core::inference::engine::file_stream: transcribe complete (streaming windows) audio_s=7.80 wall_s=0.24 rtf=0.030
2026-10-01T19:59:58.409162Z  INFO request{request_id=01a0f90d-5fc9-745c-8ac6-a3d6c70846de method=POST path=/v1/transcribe}: gigastt_core::inference::audio::wave: Audio (wave): 8000Hz, 1ch (streaming windows)
2026-10-01T19:59:58.467631Z  INFO request{request_id=01a0f90d-5f15-73e4-9004-6fba9f19bc8b method=POST path=/v1/transcribe}: gigastt_core::inference::engine::infer: encoder_inference elapsed_ms=236
2026-10-01T19:59:58.467804Z  INFO request{request_id=01a0f90d-5f15-73e4-9004-6fba9f19bc8b method=POST path=/v1/transcribe}: gigastt_core::inference::engine::file_stream: transcribe complete (streaming windows) audio_s=8.64 wall_s=0.24 rtf=0.028
2026-10-01T19:59:58.469097Z  INFO request{request_id=01a0f90d-6004-7534-a9ee-b428844651ff method=POST path=/v1/transcribe}: gigastt_core::inference::audio::wave: Audio (wave): 8000Hz, 1ch (streaming windows)
2026-10-01T19:59:58.664470Z  INFO request{request_id=01a0f90d-5fc9-745c-8ac6-a3d6c70846de method=POST path=/v1/transcribe}: gigastt_core::inference::engine::infer: encoder_inference elapsed_ms=245
2026-10-01T19:59:58.664632Z  INFO request{request_id=01a0f90d-5fc9-745c-8ac6-a3d6c70846de method=POST path=/v1/transcribe}: gigastt_core::inference::engine::file_stream: transcribe complete (streaming windows) audio_s=8.64 wall_s=0.26 rtf=0.030
2026-10-01T19:59:58.666942Z  INFO request{request_id=01a0f90d-60ca-7573-806d-f80b9b5816c6 method=POST path=/v1/transcribe}: gigastt_core::inference::audio::wave: Audio (wave): 16000Hz, 1ch (streaming windows)
2026-10-01T19:59:58.709867Z  INFO request{request_id=01a0f90d-6004-7534-a9ee-b428844651ff method=POST path=/v1/transcribe}: gigastt_core::inference::engine::infer: encoder_inference elapsed_ms=230
2026-10-01T19:59:58.710060Z  INFO request{request_id=01a0f90d-6004-7534-a9ee-b428844651ff method=POST path=/v1/transcribe}: gigastt_core::inference::engine::file_stream: transcribe complete (streaming windows) audio_s=8.64 wall_s=0.24 rtf=0.028
2026-10-01T19:59:58.711469Z  INFO request{request_id=01a0f90d-60f7-7436-b036-bac6f8f529ed method=POST path=/v1/transcribe}: gigastt_core::inference::audio::wave: Audio (wave): 8000Hz, 1ch (streaming windows)
2026-10-01T19:59:59.064234Z  INFO request{request_id=01a0f90d-60ca-7573-806d-f80b9b5816c6 method=POST path=/v1/transcribe}: gigastt_core::inference::engine::infer: encoder_inference elapsed_ms=394
2026-10-01T19:59:59.064454Z  INFO request{request_id=01a0f90d-60ca-7573-806d-f80b9b5816c6 method=POST path=/v1/transcribe}: gigastt_core::inference::engine::file_stream: transcribe complete (streaming windows) audio_s=13.68 wall_s=0.40 rtf=0.029
2026-10-01T19:59:59.066070Z  INFO request{request_id=01a0f90d-6259-7534-b8ac-b4dccfc823dc method=POST path=/v1/transcribe}: gigastt_core::inference::audio::wave: Audio (wave): 8000Hz, 1ch (streaming windows)
2026-10-01T19:59:59.094537Z  INFO request{request_id=01a0f90d-60f7-7436-b036-bac6f8f529ed method=POST path=/v1/transcribe}: gigastt_core::inference::engine::infer: encoder_inference elapsed_ms=368
2026-10-01T19:59:59.094697Z  INFO request{request_id=01a0f90d-60f7-7436-b036-bac6f8f529ed method=POST path=/v1/transcribe}: gigastt_core::inference::engine::file_stream: transcribe complete (streaming windows) audio_s=13.68 wall_s=0.38 rtf=0.028
2026-10-01T19:59:59.096314Z  INFO request{request_id=01a0f90d-6277-70ed-bb37-df3ca65f4ee6 method=POST path=/v1/transcribe}: gigastt_core::inference::audio::wave: Audio (wave): 16000Hz, 1ch (streaming windows)
2026-10-01T19:59:59.267904Z  INFO request{request_id=01a0f90d-6277-70ed-bb37-df3ca65f4ee6 method=POST path=/v1/transcribe}: gigastt_core::inference::engine::infer: encoder_inference elapsed_ms=170
2026-10-01T19:59:59.268047Z  INFO request{request_id=01a0f90d-6277-70ed-bb37-df3ca65f4ee6 method=POST path=/v1/transcribe}: gigastt_core::inference::engine::file_stream: transcribe complete (streaming windows) audio_s=6.60 wall_s=0.17 rtf=0.026
2026-10-01T19:59:59.269193Z  INFO request{request_id=01a0f90d-6325-77b1-ab08-05f21ec8f58b method=POST path=/v1/transcribe}: gigastt_core::inference::audio::wave: Audio (wave): 8000Hz, 1ch (streaming windows)
2026-10-01T19:59:59.447997Z  INFO request{request_id=01a0f90d-6325-77b1-ab08-05f21ec8f58b method=POST path=/v1/transcribe}: gigastt_core::inference::engine::infer: encoder_inference elapsed_ms=169
2026-10-01T19:59:59.448148Z  INFO request{request_id=01a0f90d-6325-77b1-ab08-05f21ec8f58b method=POST path=/v1/transcribe}: gigastt_core::inference::engine::file_stream: transcribe complete (streaming windows) audio_s=6.60 wall_s=0.18 rtf=0.027
2026-10-01T19:59:59.449525Z  INFO request{request_id=01a0f90d-63d9-70d7-89bf-4ab3fde7b8be method=POST path=/v1/transcribe}: gigastt_core::inference::audio::wave: Audio (wave): 8000Hz, 1ch (streaming windows)
2026-10-01T19:59:59.481918Z  INFO request{request_id=01a0f90d-6259-7534-b8ac-b4dccfc823dc method=POST path=/v1/transcribe}: gigastt_core::inference::engine::infer: encoder_inference elapsed_ms=401
2026-10-01T19:59:59.482159Z  INFO request{request_id=01a0f90d-6259-7534-b8ac-b4dccfc823dc method=POST path=/v1/transcribe}: gigastt_core::inference::engine::file_stream: transcribe complete (streaming windows) audio_s=13.68 wall_s=0.42 rtf=0.030
2026-10-01T19:59:59.484680Z  INFO request{request_id=01a0f90d-63fc-7371-8ecb-37abdc0710c2 method=POST path=/v1/transcribe}: gigastt_core::inference::audio::wave: Audio (wave): 16000Hz, 1ch (streaming windows)
2026-10-01T19:59:59.634223Z  INFO request{request_id=01a0f90d-63d9-70d7-89bf-4ab3fde7b8be method=POST path=/v1/transcribe}: gigastt_core::inference::engine::infer: encoder_inference elapsed_ms=175
2026-10-01T19:59:59.634374Z  INFO request{request_id=01a0f90d-63d9-70d7-89bf-4ab3fde7b8be method=POST path=/v1/transcribe}: gigastt_core::inference::engine::file_stream: transcribe complete (streaming windows) audio_s=6.60 wall_s=0.18 rtf=0.028
2026-10-01T19:59:59.635499Z  INFO request{request_id=01a0f90d-6493-7453-be37-e0ecd81f5379 method=POST path=/v1/transcribe}: gigastt_core::inference::audio::wave: Audio (wave): 8000Hz, 1ch (streaming windows)
2026-10-01T19:59:59.927502Z  INFO request{request_id=01a0f90d-63fc-7371-8ecb-37abdc0710c2 method=POST path=/v1/transcribe}: gigastt_core::inference::engine::infer: encoder_inference elapsed_ms=440
2026-10-01T19:59:59.927724Z  INFO request{request_id=01a0f90d-63fc-7371-8ecb-37abdc0710c2 method=POST path=/v1/transcribe}: gigastt_core::inference::engine::file_stream: transcribe complete (streaming windows) audio_s=15.12 wall_s=0.44 rtf=0.029
2026-10-01T19:59:59.928944Z  INFO request{request_id=01a0f90d-65b8-7263-b9f0-0c94f92bbc0c method=POST path=/v1/transcribe}: gigastt_core::inference::audio::wave: Audio (wave): 8000Hz, 1ch (streaming windows)
2026-10-01T20:00:00.051039Z  INFO request{request_id=01a0f90d-6493-7453-be37-e0ecd81f5379 method=POST path=/v1/transcribe}: gigastt_core::inference::engine::infer: encoder_inference elapsed_ms=400
2026-10-01T20:00:00.051291Z  INFO request{request_id=01a0f90d-6493-7453-be37-e0ecd81f5379 method=POST path=/v1/transcribe}: gigastt_core::inference::engine::file_stream: transcribe complete (streaming windows) audio_s=15.12 wall_s=0.42 rtf=0.027
2026-10-01T20:00:00.351147Z  INFO request{request_id=01a0f90d-65b8-7263-b9f0-0c94f92bbc0c method=POST path=/v1/transcribe}: gigastt_core::inference::engine::infer: encoder_inference elapsed_ms=407
2026-10-01T20:00:00.351313Z  INFO request{request_id=01a0f90d-65b8-7263-b9f0-0c94f92bbc0c method=POST path=/v1/transcribe}: gigastt_core::inference::engine::file_stream: transcribe complete (streaming windows) audio_s=15.12 wall_s=0.42 rtf=0.028
2026-10-01T20:00:00.352039Z  INFO gigastt::server::listen: Shutting down server
2026-10-01T20:00:00.368397Z  INFO gigastt::server::listen: Drain complete: all tracked WS/SSE/job tasks finished
